// 重构日志: 323cb981
// 重构日志: 513a9fce
// 重构日志: 474b67ee
// 重构日志: 2006de83
// 重构日志: b560471e
// 重构日志: df03808a
// 重构日志: 52229ba8
// 重构日志: 212674ab
// 重构日志: 0f63cf98
// 同步 ID: 6ff9d634 @ Mon Jul 27 00:43:01 UTC 2026
// 同步 ID: 281dbc72 @ Wed Jul 29 17:31:23 UTC 2026
// 重构日志: 9d0ae11b
// 重构日志: 7b29fbdb
// 重构日志: 2852f142
// 重构日志: 2c566e15
// 重构日志: 5cac0f1f
// 同步 ID: e7e1ff89 @ Sat Aug  1 16:26:38 UTC 2026
// 重构日志: 5497979e
// 重构日志: 4ce74d68
// 重构日志: fb8895ea
// 重构日志: 9c872fc0
// 重构日志: 2b3a531c
// 同步 ID: f7911a69 @ Fri Aug  7 04:11:49 UTC 2026
// 重构日志: 5a41cb4a
// 同步 ID: 889ea1f8 @ Fri Aug  7 10:11:20 UTC 2026
// 重构日志: 2601ed70
// 重构日志: b9a84df1
// 同步 ID: f4644219 @ Sat Aug  8 05:44:43 UTC 2026
// 重构日志: c8637eff
